Archive member included to satisfy reference by file (symbol)

c:/program files (x86)/atmel/studio/7.0/toolchain/arm/arm-gnu-toolchain/bin/../lib/gcc/arm-none-eabi/6.3.1/thumb/v6-m\libgcc.a(_udivsi3.o)
                              myprintf.o (__aeabi_uidiv)
c:/program files (x86)/atmel/studio/7.0/toolchain/arm/arm-gnu-toolchain/bin/../lib/gcc/arm-none-eabi/6.3.1/thumb/v6-m\libgcc.a(_dvmd_tls.o)
                              c:/program files (x86)/atmel/studio/7.0/toolchain/arm/arm-gnu-toolchain/bin/../lib/gcc/arm-none-eabi/6.3.1/thumb/v6-m\libgcc.a(_udivsi3.o) (__aeabi_idiv0)
c:/program files (x86)/atmel/studio/7.0/toolchain/arm/arm-gnu-toolchain/bin/../lib/gcc/arm-none-eabi/6.3.1/../../../../arm-none-eabi/lib/thumb/v6-m\libc.a(lib_a-exit.o)
                              c:/program files (x86)/atmel/studio/7.0/toolchain/arm/arm-gnu-toolchain/bin/../lib/gcc/arm-none-eabi/6.3.1/../../../../arm-none-eabi/lib/thumb/v6-m/crt0.o (exit)
c:/program files (x86)/atmel/studio/7.0/toolchain/arm/arm-gnu-toolchain/bin/../lib/gcc/arm-none-eabi/6.3.1/../../../../arm-none-eabi/lib/thumb/v6-m\libc.a(lib_a-impure.o)
                              c:/program files (x86)/atmel/studio/7.0/toolchain/arm/arm-gnu-toolchain/bin/../lib/gcc/arm-none-eabi/6.3.1/../../../../arm-none-eabi/lib/thumb/v6-m\libc.a(lib_a-exit.o) (_global_impure_ptr)
c:/program files (x86)/atmel/studio/7.0/toolchain/arm/arm-gnu-toolchain/bin/../lib/gcc/arm-none-eabi/6.3.1/../../../../arm-none-eabi/lib/thumb/v6-m\libc.a(lib_a-init.o)
                              c:/program files (x86)/atmel/studio/7.0/toolchain/arm/arm-gnu-toolchain/bin/../lib/gcc/arm-none-eabi/6.3.1/../../../../arm-none-eabi/lib/thumb/v6-m/crt0.o (__libc_init_array)
c:/program files (x86)/atmel/studio/7.0/toolchain/arm/arm-gnu-toolchain/bin/../lib/gcc/arm-none-eabi/6.3.1/../../../../arm-none-eabi/lib/thumb/v6-m\libc.a(lib_a-memcpy-stub.o)
                              queue.o (memcpy)
c:/program files (x86)/atmel/studio/7.0/toolchain/arm/arm-gnu-toolchain/bin/../lib/gcc/arm-none-eabi/6.3.1/../../../../arm-none-eabi/lib/thumb/v6-m\libc.a(lib_a-memset.o)
                              c:/program files (x86)/atmel/studio/7.0/toolchain/arm/arm-gnu-toolchain/bin/../lib/gcc/arm-none-eabi/6.3.1/../../../../arm-none-eabi/lib/thumb/v6-m/crt0.o (memset)
c:/program files (x86)/atmel/studio/7.0/toolchain/arm/arm-gnu-toolchain/bin/../lib/gcc/arm-none-eabi/6.3.1/../../../../arm-none-eabi/lib/thumb/v6-m\libc.a(lib_a-sprintf.o)
                              tasks.o (sprintf)
c:/program files (x86)/atmel/studio/7.0/toolchain/arm/arm-gnu-toolchain/bin/../lib/gcc/arm-none-eabi/6.3.1/../../../../arm-none-eabi/lib/thumb/v6-m\libc.a(lib_a-strcpy.o)
                              tasks.o (strcpy)
c:/program files (x86)/atmel/studio/7.0/toolchain/arm/arm-gnu-toolchain/bin/../lib/gcc/arm-none-eabi/6.3.1/../../../../arm-none-eabi/lib/thumb/v6-m\libc.a(lib_a-strlen-stub.o)
                              tasks.o (strlen)
c:/program files (x86)/atmel/studio/7.0/toolchain/arm/arm-gnu-toolchain/bin/../lib/gcc/arm-none-eabi/6.3.1/../../../../arm-none-eabi/lib/thumb/v6-m\libc.a(lib_a-svfprintf.o)
                              c:/program files (x86)/atmel/studio/7.0/toolchain/arm/arm-gnu-toolchain/bin/../lib/gcc/arm-none-eabi/6.3.1/../../../../arm-none-eabi/lib/thumb/v6-m\libc.a(lib_a-sprintf.o) (_svfprintf_r)
c:/program files (x86)/atmel/studio/7.0/toolchain/arm/arm-gnu-toolchain/bin/../lib/gcc/arm-none-eabi/6.3.1/../../../../arm-none-eabi/lib/thumb/v6-m\libc.a(lib_a-__call_atexit.o)
                              c:/program files (x86)/atmel/studio/7.0/toolchain/arm/arm-gnu-toolchain/bin/../lib/gcc/arm-none-eabi/6.3.1/../../../../arm-none-eabi/lib/thumb/v6-m\libc.a(lib_a-exit.o) (__call_exitprocs)
c:/program files (x86)/atmel/studio/7.0/toolchain/arm/arm-gnu-toolchain/bin/../lib/gcc/arm-none-eabi/6.3.1/../../../../arm-none-eabi/lib/thumb/v6-m\libc.a(lib_a-atexit.o)
                              c:/program files (x86)/atmel/studio/7.0/toolchain/arm/arm-gnu-toolchain/bin/../lib/gcc/arm-none-eabi/6.3.1/../../../../arm-none-eabi/lib/thumb/v6-m\libc.a(lib_a-__call_atexit.o) (atexit)
c:/program files (x86)/atmel/studio/7.0/toolchain/arm/arm-gnu-toolchain/bin/../lib/gcc/arm-none-eabi/6.3.1/../../../../arm-none-eabi/lib/thumb/v6-m\libc.a(lib_a-dtoa.o)
                              c:/program files (x86)/atmel/studio/7.0/toolchain/arm/arm-gnu-toolchain/bin/../lib/gcc/arm-none-eabi/6.3.1/../../../../arm-none-eabi/lib/thumb/v6-m\libc.a(lib_a-svfprintf.o) (_dtoa_r)
c:/program files (x86)/atmel/studio/7.0/toolchain/arm/arm-gnu-toolchain/bin/../lib/gcc/arm-none-eabi/6.3.1/../../../../arm-none-eabi/lib/thumb/v6-m\libc.a(lib_a-fini.o)
                              c:/program files (x86)/atmel/studio/7.0/toolchain/arm/arm-gnu-toolchain/bin/../lib/gcc/arm-none-eabi/6.3.1/../../../../arm-none-eabi/lib/thumb/v6-m\libc.a(lib_a-__call_atexit.o) (__libc_fini_array)
[...]
Memory Configuration

Name             Origin             Length             Attributes
rom              0x00000000         0x00040000         xr
ram              0x20000000         0x00008000         xrw
*default*        0x00000000         0xffffffff

Linker script and memory map

LOAD c:/program files (x86)/atmel/studio/7.0/toolchain/arm/arm-gnu-toolchain/bin/../lib/gcc/arm-none-eabi/6.3.1/thumb/v6-m/crti.o
LOAD c:/program files (x86)/atmel/studio/7.0/toolchain/arm/arm-gnu-toolchain/bin/../lib/gcc/arm-none-eabi/6.3.1/thumb/v6-m/crtbegin.o
LOAD c:/program files (x86)/atmel/studio/7.0/toolchain/arm/arm-gnu-toolchain/bin/../lib/gcc/arm-none-eabi/6.3.1/../../../../arm-none-eabi/lib/thumb/v6-m/crt0.o
LOAD croutine.o
LOAD Device_Startup/startup_samd21.o
LOAD Device_Startup/system_samd21.o
LOAD event_groups.o
LOAD heap_2.o
LOAD list.o
LOAD main.o
LOAD myprintf.o
LOAD port.o
LOAD queue.o
LOAD stream_buffer.o
LOAD tasks.o
LOAD timers.o
LOAD uart.o
START GROUP
LOAD c:/program files (x86)/atmel/studio/7.0/toolchain/arm/arm-gnu-toolchain/bin/../lib/gcc/arm-none-eabi/6.3.1/../../../../arm-none-eabi/lib/thumb/v6-m\libm.a
END GROUP
START GROUP
LOAD c:/program files (x86)/atmel/studio/7.0/toolchain/arm/arm-gnu-toolchain/bin/../lib/gcc/arm-none-eabi/6.3.1/thumb/v6-m\libgcc.a
LOAD c:/program files (x86)/atmel/studio/7.0/toolchain/arm/arm-gnu-toolchain/bin/../lib/gcc/arm-none-eabi/6.3.1/../../../../arm-none-eabi/lib/thumb/v6-m\libc.a
END GROUP
LOAD c:/program files (x86)/atmel/studio/7.0/toolchain/arm/arm-gnu-toolchain/bin/../lib/gcc/arm-none-eabi/6.3.1/thumb/v6-m/crtend.o
LOAD c:/program files (x86)/atmel/studio/7.0/toolchain/arm/arm-gnu-toolchain/bin/../lib/gcc/arm-none-eabi/6.3.1/thumb/v6-m/crtn.o
                0x00002000                STACK_SIZE = DEFINED (STACK_SIZE)?STACK_SIZE:DEFINED (__stack_size__)?__stack_size__:0x2000

.text           0x00000000     0x2058
                0x00000000                . = ALIGN (0x4)
                0x00000000                _sfixed = .
 *(.vectors .vectors.*)
 .vectors       0x00000000       0xb4 Device_Startup/startup_samd21.o
                0x00000000                exception_table
 *(.text .text.* .gnu.linkonce.t.*)
 .text          0x000000b4       0x60 c:/program files (x86)/atmel/studio/7.0/toolchain/arm/arm-gnu-toolchain/bin/../lib/gcc/arm-none-eabi/6.3.1/thumb/v6-m/crtbegin.o
 .text.Dummy_Handler
                0x00000114        0x2 Device_Startup/startup_samd21.o
                0x00000114                SVCall_Handler
                0x00000114                DMAC_Handler
                0x00000114                HardFault_Handler
                0x00000114                AC_Handler
                0x00000114                SERCOM1_Handler
                0x00000114                ADC_Handler
                0x00000114                NonMaskableInt_Handler
                0x00000114                TCC1_Handler
                0x00000114                SERCOM2_Handler
                0x00000114                TCC0_Handler
                0x00000114                RTC_Handler
                0x00000114                EIC_Handler
                0x00000114                WDT_Handler
                0x00000114                TC4_Handler
                0x00000114                USB_Handler
                0x00000114                TC3_Handler
                0x00000114                Dummy_Handler
                0x00000114                PM_Handler
                0x00000114                SERCOM5_Handler
                0x00000114                TCC2_Handler
                0x00000114                EVSYS_Handler
                0x00000114                SERCOM3_Handler
                0x00000114                SERCOM4_Handler
                0x00000114                I2S_Handler
                0x00000114                NVMCTRL_Handler
                0x00000114                SERCOM0_Handler
                0x00000114                DAC_Handler
                0x00000114                PTC_Handler
                0x00000114                TC5_Handler
                0x00000114                SYSCTRL_Handler
 *fill*         0x00000116        0x2 
 .text.Reset_Handler
                0x00000118       0xe4 Device_Startup/startup_samd21.o
                0x00000118                Reset_Handler
 .text.SystemInit
                0x000001fc       0x10 Device_Startup/system_samd21.o
                0x000001fc                SystemInit
 .text.pvPortMalloc
                0x0000020c       0xcc heap_2.o
                0x0000020c                pvPortMalloc
 .text.vPortFree
                0x000002d8       0x48 heap_2.o
                0x000002d8                vPortFree
 .text.vListInitialise
                0x00000320       0x16 list.o
                0x00000320                vListInitialise
 .text.vListInitialiseItem
                0x00000336        0x6 list.o
                0x00000336                vListInitialiseItem
 .text.vListInsertEnd
                0x0000033c       0x18 list.o
                0x0000033c                vListInsertEnd
 .text.vListInsert
                0x00000354       0x2e list.o
                0x00000354                vListInsert
 .text.uxListRemove
                0x00000382       0x28 list.o
                0x00000382                uxListRemove
 *fill*         0x000003aa        0x2 
 .text.receiver_task
                0x000003ac       0x40 main.o
                0x000003ac                receiver_task
 .text.sender_task
                0x000003ec       0x58 main.o
                0x000003ec                sender_task
 .text.main     0x00000444       0xac main.o
                0x00000444                main
 .text.out      0x000004f0       0x10 myprintf.o
 .text.outDgt   0x00000500       0x2c myprintf.o
 .text.divOut   0x0000052c       0x44 myprintf.o
 .text.myputchar
                0x00000570       0x2c myprintf.o
 .text.tfp_printf
                0x0000059c      0x1fc myprintf.o
                0x0000059c                tfp_printf
 .text.prvTaskExitError
                0x00000798       0x24 port.o
 *fill*         0x000007bc        0x4 
 .text.vPortStartFirstTask
                0x000007c0       0x34 port.o
 .text.pxPortInitialiseStack
                0x000007f4       0x20 port.o
                0x000007f4                pxPortInitialiseStack
 .text.xPortStartScheduler
                0x00000814       0x64 port.o
                0x00000814                xPortStartScheduler
 .text.vPortYield
                0x00000878       0x18 port.o
                0x00000878                vPortYield
 .text.vPortEnterCritical
                0x00000890       0x18 port.o
                0x00000890                vPortEnterCritical
 .text.vPortExitCritical
                0x000008a8       0x20 port.o
                0x000008a8                vPortExitCritical
 .text.ulSetInterruptMaskFromISR
                0x000008c8        0x8 port.o
                0x000008c8                ulSetInterruptMaskFromISR
 .text.vClearInterruptMaskFromISR
                0x000008d0        0x6 port.o
                0x000008d0                vClearInterruptMaskFromISR
 *fill*         0x000008d6        0xa 
 .text.PendSV_Handler
                0x000008e0       0x44 port.o
                0x000008e0                PendSV_Handler
 .text.SysTick_Handler
                0x00000924       0x30 port.o
                0x00000924                SysTick_Handler
 .text.prvIsQueueEmpty
                0x00000954       0x1c queue.o
 .text.prvCopyDataToQueue
                0x00000970       0x7c queue.o
 .text.prvNotifyQueueSetContainer
                0x000009ec       0x68 queue.o
 .text.prvCopyDataFromQueue
                0x00000a54       0x28 queue.o
 .text.prvUnlockQueue
                0x00000a7c       0xb0 queue.o
 .text.xQueueGenericReset
                0x00000b2c       0x7c queue.o
                0x00000b2c                xQueueGenericReset
 .text.xQueueGenericCreate
                0x00000ba8       0x4c queue.o
                0x00000ba8                xQueueGenericCreate
 .text.xQueueGenericSend
                0x00000bf4      0x18c queue.o
                0x00000bf4                xQueueGenericSend
 .text.xQueueGenericSendFromISR
                0x00000d80       0xd0 queue.o
                0x00000d80                xQueueGenericSendFromISR
 .text.xQueueReceive
                0x00000e50      0x154 queue.o
                0x00000e50                xQueueReceive
 .text.vQueueAddToRegistry
                0x00000fa4       0x30 queue.o
                0x00000fa4                vQueueAddToRegistry
 .text.vQueueWaitForMessageRestricted
                0x00000fd4       0x60 queue.o
                0x00000fd4                vQueueWaitForMessageRestricted
 .text.prvResetNextTaskUnblockTime
                0x00001034       0x28 tasks.o
 .text.prvIdleTask
                0x0000105c       0x6c tasks.o
 .text.prvAddCurrentTaskToDelayedList
                0x000010c8       0x70 tasks.o
 .text.xTaskCreate
                0x00001138      0x1d4 tasks.o
                0x00001138                xTaskCreate
 .text.vTaskStartScheduler
                0x0000130c       0x68 tasks.o
                0x0000130c                vTaskStartScheduler
 .text.vTaskSuspendAll
                0x00001374       0x10 tasks.o
                0x00001374                vTaskSuspendAll
 .text.xTaskGetTickCount
                0x00001384        0xc tasks.o
                0x00001384                xTaskGetTickCount
 .text.xTaskIncrementTick
                0x00001390      0x110 tasks.o
                0x00001390                xTaskIncrementTick
 .text.xTaskResumeAll
                0x000014a0       0xf4 tasks.o
                0x000014a0                xTaskResumeAll
 .text.vTaskDelay
                0x00001594       0x40 tasks.o
                0x00001594                vTaskDelay
 .text.vTaskSwitchContext
                0x000015d4       0x94 tasks.o
                0x000015d4                vTaskSwitchContext
 .text.vTaskPlaceOnEventList
                0x00001668       0x2c tasks.o
                0x00001668                vTaskPlaceOnEventList
 .text.vTaskPlaceOnEventListRestricted
                0x00001694       0x38 tasks.o
                0x00001694                vTaskPlaceOnEventListRestricted
 .text.xTaskRemoveFromEventList
                0x000016cc       0x80 tasks.o
                0x000016cc                xTaskRemoveFromEventList
 .text.vTaskInternalSetTimeOutState
                0x0000174c       0x10 tasks.o
                0x0000174c                vTaskInternalSetTimeOutState
 .text.xTaskCheckForTimeOut
                0x0000175c       0x6c tasks.o
                0x0000175c                xTaskCheckForTimeOut
 .text.vTaskMissedYield
                0x000017c8        0xc tasks.o
                0x000017c8                vTaskMissedYield
 .text.xTaskGetSchedulerState
                0x000017d4       0x1c tasks.o
                0x000017d4                xTaskGetSchedulerState
 .text.xTaskPriorityDisinherit
                0x000017f0       0x7c tasks.o
                0x000017f0                xTaskPriorityDisinherit
 .text.prvInsertTimerInActiveList
                0x0000186c       0x44 timers.o
 .text.prvCheckForValidListAndQueue
                0x000018b0       0x60 timers.o
 .text.xTimerCreateTimerTask
                0x00001910       0x48 timers.o
                0x00001910                xTimerCreateTimerTask
 .text.xTimerGenericCommand
                0x00001958       0x6c timers.o
                0x00001958                xTimerGenericCommand
 .text.prvSampleTimeNow
                0x000019c4       0xb0 timers.o
 .text.prvTimerTask
                0x00001a74      0x180 timers.o
 .text.initUART
                0x00001bf4       0x9c uart.o
                0x00001bf4                initUART
 .text.__libc_init_array
                0x00001c90       0x48 c:/program files (x86)/atmel/studio/7.0/toolchain/arm/arm-gnu-toolchain/bin/../lib/gcc/arm-none-eabi/6.3.1/../../../../arm-none-eabi/lib/thumb/v6-m\libc.a(lib_a-init.o)
                0x00001c90                __libc_init_array
 .text.memcpy   0x00001cd8       0x84 c:/program files (x86)/atmel/studio/7.0/toolchain/arm/arm-gnu-toolchain/bin/../lib/gcc/arm-none-eabi/6.3.1/../../../../arm-none-eabi/lib/thumb/v6-m\libc.a(lib_a-memcpy-stub.o)
                0x00001cd8                memcpy
 .text.memset   0x00001d5c       0x94 c:/program files (x86)/atmel/studio/7.0/toolchain/arm/arm-gnu-toolchain/bin/../lib/gcc/arm-none-eabi/6.3.1/../../../../arm-none-eabi/lib/thumb/v6-m\libc.a(lib_a-memset.o)
                0x00001d5c                memset
 .text.startup.register_fini
                0x00001df0       0x18 c:/program files (x86)/atmel/studio/7.0/toolchain/arm/arm-gnu-toolchain/bin/../lib/gcc/arm-none-eabi/6.3.1/../../../../arm-none-eabi/lib/thumb/v6-m\libc.a(lib_a-__call_atexit.o)
 .text.atexit   0x00001e08       0x10 c:/program files (x86)/atmel/studio/7.0/toolchain/arm/arm-gnu-toolchain/bin/../lib/gcc/arm-none-eabi/6.3.1/../../../../arm-none-eabi/lib/thumb/v6-m\libc.a(lib_a-atexit.o)
                0x00001e08                atexit
 .text.__libc_fini_array
                0x00001e18       0x34 c:/program files (x86)/atmel/studio/7.0/toolchain/arm/arm-gnu-toolchain/bin/../lib/gcc/arm-none-eabi/6.3.1/../../../../arm-none-eabi/lib/thumb/v6-m\libc.a(lib_a-fini.o)
                0x00001e18                __libc_fini_array
 .text.__retarget_lock_acquire_recursive
                0x00001e4c        0x4 c:/program files (x86)/atmel/studio/7.0/toolchain/arm/arm-gnu-toolchain/bin/../lib/gcc/arm-none-eabi/6.3.1/../../../../arm-none-eabi/lib/thumb/v6-m\libc.a(lib_a-lock.o)
                0x00001e4c                __retarget_lock_acquire_recursive
 .text.__retarget_lock_release_recursive
                0x00001e50        0x4 c:/program files (x86)/atmel/studio/7.0/toolchain/arm/arm-gnu-toolchain/bin/../lib/gcc/arm-none-eabi/6.3.1/../../../../arm-none-eabi/lib/thumb/v6-m\libc.a(lib_a-lock.o)
                0x00001e50                __retarget_lock_release_recursive
 .text.__register_exitproc
                0x00001e54       0xf4 c:/program files (x86)/atmel/studio/7.0/toolchain/arm/arm-gnu-toolchain/bin/../lib/gcc/arm-none-eabi/6.3.1/../../../../arm-none-eabi/lib/thumb/v6-m\libc.a(lib_a-__atexit.o)
                0x00001e54                __register_exitproc
 *(.glue_7t)
 .glue_7t       0x00001f48        0x0 linker stubs
 *(.glue_7)
 .glue_7        0x00001f48        0x0 linker stubs
 *(.rodata .rodata* .gnu.linkonce.r.*)
 .rodata.str1.4
                0x00001f48       0x95 main.o
 *fill*         0x00001fdd        0x3 
 .rodata.str1.4
                0x00001fe0       0x17 tasks.o
 *fill*         0x00001ff7        0x1 
 .rodata        0x00001ff8       0x28 timers.o
 .rodata.str1.4
                0x00002020       0x10 timers.o
 .rodata._global_impure_ptr
                0x00002030        0x4 c:/program files (x86)/atmel/studio/7.0/toolchain/arm/arm-gnu-toolchain/bin/../lib/gcc/arm-none-eabi/6.3.1/../../../../arm-none-eabi/lib/thumb/v6-m\libc.a(lib_a-impure.o)
                0x00002030                _global_impure_ptr
 *(.ARM.extab* .gnu.linkonce.armextab.*)
                0x00002034                . = ALIGN (0x4)
 *(.init)
 .init          0x00002034        0x4 c:/program files (x86)/atmel/studio/7.0/toolchain/arm/arm-gnu-toolchain/bin/../lib/gcc/arm-none-eabi/6.3.1/thumb/v6-m/crti.o
                0x00002034                _init
 .init          0x00002038        0x8 c:/program files (x86)/atmel/studio/7.0/toolchain/arm/arm-gnu-toolchain/bin/../lib/gcc/arm-none-eabi/6.3.1/thumb/v6-m/crtn.o
                0x00002040                . = ALIGN (0x4)
                0x00002040                __preinit_array_start = .
 *(.preinit_array)
                0x00002040                __preinit_array_end = .
                0x00002040                . = ALIGN (0x4)
                0x00002040                __init_array_start = .
 *(SORT(.init_array.*))
 .init_array.00000
                0x00002040        0x4 c:/program files (x86)/atmel/studio/7.0/toolchain/arm/arm-gnu-toolchain/bin/../lib/gcc/arm-none-eabi/6.3.1/../../../../arm-none-eabi/lib/thumb/v6-m\libc.a(lib_a-__call_atexit.o)
 *(.init_array)
 .init_array    0x00002044        0x4 c:/program files (x86)/atmel/studio/7.0/toolchain/arm/arm-gnu-toolchain/bin/../lib/gcc/arm-none-eabi/6.3.1/thumb/v6-m/crtbegin.o
                0x00002048                __init_array_end = .
                0x00002048                . = ALIGN (0x4)
 *crtbegin.o(.ctors)
 *(EXCLUDE_FILE(*crtend.o) .ctors)
 *(SORT(.ctors.*))
 *crtend.o(.ctors)
                0x00002048                . = ALIGN (0x4)
 *(.fini)
 .fini          0x00002048        0x4 c:/program files (x86)/atmel/studio/7.0/toolchain/arm/arm-gnu-toolchain/bin/../lib/gcc/arm-none-eabi/6.3.1/thumb/v6-m/crti.o
                0x00002048                _fini
 .fini          0x0000204c        0x8 c:/program files (x86)/atmel/studio/7.0/toolchain/arm/arm-gnu-toolchain/bin/../lib/gcc/arm-none-eabi/6.3.1/thumb/v6-m/crtn.o
                0x00002054                . = ALIGN (0x4)
                0x00002054                __fini_array_start = .
 *(.fini_array)
 .fini_array    0x00002054        0x4 c:/program files (x86)/atmel/studio/7.0/toolchain/arm/arm-gnu-toolchain/bin/../lib/gcc/arm-none-eabi/6.3.1/thumb/v6-m/crtbegin.o
 *(SORT(.fini_array.*))
                0x00002058                __fini_array_end = .
 *crtbegin.o(.dtors)
 *(EXCLUDE_FILE(*crtend.o) .dtors)
 *(SORT(.dtors.*))
 *crtend.o(.dtors)
                0x00002058                . = ALIGN (0x4)
                0x00002058                _efixed = .
                [!provide]                PROVIDE (__exidx_start, .)

.vfp11_veneer   0x00002058        0x0
 .vfp11_veneer  0x00002058        0x0 linker stubs

.v4_bx          0x00002058        0x0
 .v4_bx         0x00002058        0x0 linker stubs

.iplt           0x00002058        0x0
 .iplt          0x00002058        0x0 c:/program files (x86)/atmel/studio/7.0/toolchain/arm/arm-gnu-toolchain/bin/../lib/gcc/arm-none-eabi/6.3.1/thumb/v6-m/crtbegin.o

.eh_frame       0x00002058        0x0
 .eh_frame      0x00002058        0x0 c:/program files (x86)/atmel/studio/7.0/toolchain/arm/arm-gnu-toolchain/bin/../lib/gcc/arm-none-eabi/6.3.1/thumb/v6-m/crtbegin.o

.rel.dyn        0x00002058        0x0
 .rel.iplt      0x00002058        0x0 c:/program files (x86)/atmel/studio/7.0/toolchain/arm/arm-gnu-toolchain/bin/../lib/gcc/arm-none-eabi/6.3.1/thumb/v6-m/crtbegin.o

.jcr            0x00002058        0x0
 .jcr           0x00002058        0x0 c:/program files (x86)/atmel/studio/7.0/toolchain/arm/arm-gnu-toolchain/bin/../lib/gcc/arm-none-eabi/6.3.1/thumb/v6-m/crtbegin.o

.igot.plt       0x00002058        0x0
 .igot.plt      0x00002058        0x0 c:/program files (x86)/atmel/studio/7.0/toolchain/arm/arm-gnu-toolchain/bin/../lib/gcc/arm-none-eabi/6.3.1/thumb/v6-m/crtbegin.o

.ARM.exidx
 *(.ARM.exidx* .gnu.linkonce.armexidx.*)
                [!provide]                PROVIDE (__exidx_end, .)
                0x00002058                . = ALIGN (0x4)
                0x00002058                _etext = .

.relocate       0x20000000      0x43c load address 0x00002058
                0x20000000                . = ALIGN (0x4)
                0x20000000                _srelocate = .
 *(.ramfunc .ramfunc.*)
 *(.data .data.*)
 .data          0x20000000        0x4 Device_Startup/system_samd21.o
                0x20000000                SystemCoreClock
 .data          0x20000004        0x4 heap_2.o
 .data          0x20000008        0x4 port.o
 *fill*         0x2000000c        0x4 
 .data.impure_data
                0x20000010      0x428 c:/program files (x86)/atmel/studio/7.0/toolchain/arm/arm-gnu-toolchain/bin/../lib/gcc/arm-none-eabi/6.3.1/../../../../arm-none-eabi/lib/thumb/v6-m\libc.a(lib_a-impure.o)
 .data.__atexit_recursive_mutex
                0x20000438        0x4 c:/program files (x86)/atmel/studio/7.0/toolchain/arm/arm-gnu-toolchain/bin/../lib/gcc/arm-none-eabi/6.3.1/../../../../arm-none-eabi/lib/thumb/v6-m\libc.a(lib_a-__call_atexit.o)
                0x20000438                __atexit_recursive_mutex
                0x2000043c                . = ALIGN (0x4)
                0x2000043c                _erelocate = .

.bss            0x2000043c     0x4080 load address 0x00002494
                0x2000043c                . = ALIGN (0x4)
                0x2000043c                _sbss = .
                0x2000043c                _szero = .
 *(.bss .bss.*)
 .bss           0x2000043c       0x1c c:/program files (x86)/atmel/studio/7.0/toolchain/arm/arm-gnu-toolchain/bin/../lib/gcc/arm-none-eabi/6.3.1/thumb/v6-m/crtbegin.o
 .bss           0x20000458     0x3e94 heap_2.o
 .bss           0x200042ec       0x14 main.o
                0x200042f0                Global_Queue_Handle
 .bss           0x20004300       0x18 myprintf.o
 .bss           0x20004318      0x104 tasks.o
                0x200043cc                pxCurrentTCB
 .bss           0x2000441c       0x3c timers.o
 *(COMMON)
 COMMON         0x20004458       0x40 queue.o
                0x20004458                xQueueRegistry
 COMMON         0x20004498       0x21 c:/program files (x86)/atmel/studio/7.0/toolchain/arm/arm-gnu-toolchain/bin/../lib/gcc/arm-none-eabi/6.3.1/../../../../arm-none-eabi/lib/thumb/v6-m\libc.a(lib_a-lock.o)
                0x20004498                __lock___atexit_recursive_mutex
                0x2000449c                __lock___arc4random_mutex
                0x200044a0                __lock___env_recursive_mutex
                0x200044a4                __lock___sinit_recursive_mutex
                0x200044a8                __lock___malloc_recursive_mutex
                0x200044ac                __lock___at_quick_exit_mutex
                0x200044b0                __lock___dd_hash_mutex
                0x200044b4                __lock___tz_mutex
                0x200044b8                __lock___sfp_recursive_mutex
                0x200044bc                . = ALIGN (0x4)
 *fill*         0x200044b9        0x3 
                0x200044bc                _ebss = .
                0x200044bc                _ezero = .

.stack          0x200044bc     0x2004 load address 0x00006514
                0x200044c0                . = ALIGN (0x8)
 *fill*         0x200044bc        0x4 
                0x200044c0                _sstack = .
                0x200064c0                . = (. + STACK_SIZE)
 *fill*         0x200044c0     0x2000 
                0x200064c0                . = ALIGN (0x8)
                0x200064c0                _estack = .
                0x200064c0                . = ALIGN (0x4)
                0x200064c0                _end = .
OUTPUT(HumbertoPavlo_P8.elf elf32-littlearm)

.ARM.attributes
                0x00000000       0x28
 .ARM.attributes
                0x00000000       0x1e c:/program files (x86)/atmel/studio/7.0/toolchain/arm/arm-gnu-toolchain/bin/../lib/gcc/arm-none-eabi/6.3.1/thumb/v6-m/crti.o
 .ARM.attributes
                0x0000001e       0x2c c:/program files (x86)/atmel/studio/7.0/toolchain/arm/arm-gnu-toolchain/bin/../lib/gcc/arm-none-eabi/6.3.1/thumb/v6-m/crtbegin.o
 .ARM.attributes
                0x0000004a       0x32 Device_Startup/startup_samd21.o
 .ARM.attributes
                0x0000007c       0x32 Device_Startup/system_samd21.o
 .ARM.attributes
                0x000000ae       0x32 heap_2.o
 .ARM.attributes
                0x000000e0       0x32 list.o
 .ARM.attributes
                0x00000112       0x32 main.o
 .ARM.attributes
                0x00000144       0x32 myprintf.o
 .ARM.attributes
                0x00000176       0x32 port.o
 .ARM.attributes
                0x000001a8       0x32 queue.o
 .ARM.attributes
                0x000001da       0x32 tasks.o
 .ARM.attributes
                0x0000020c       0x32 timers.o
 .ARM.attributes
                0x0000023e       0x32 uart.o
 .ARM.attributes
                0x00000270       0x2c c:/program files (x86)/atmel/studio/7.0/toolchain/arm/arm-gnu-toolchain/bin/../lib/gcc/arm-none-eabi/6.3.1/../../../../arm-none-eabi/lib/thumb/v6-m\libc.a(lib_a-impure.o)
 .ARM.attributes
                0x0000029c       0x2c c:/program files (x86)/atmel/studio/7.0/toolchain/arm/arm-gnu-toolchain/bin/../lib/gcc/arm-none-eabi/6.3.1/../../../../arm-none-eabi/lib/thumb/v6-m\libc.a(lib_a-init.o)
 .ARM.attributes
                0x000002c8       0x2c c:/program files (x86)/atmel/studio/7.0/toolchain/arm/arm-gnu-toolchain/bin/../lib/gcc/arm-none-eabi/6.3.1/../../../../arm-none-eabi/lib/thumb/v6-m\libc.a(lib_a-memcpy-stub.o)
 .ARM.attributes
                0x000002f4       0x2c c:/program files (x86)/atmel/studio/7.0/toolchain/arm/arm-gnu-toolchain/bin/../lib/gcc/arm-none-eabi/6.3.1/../../../../arm-none-eabi/lib/thumb/v6-m\libc.a(lib_a-memset.o)
 .ARM.attributes
                0x00000320       0x2c c:/program files (x86)/atmel/studio/7.0/toolchain/arm/arm-gnu-toolchain/bin/../lib/gcc/arm-none-eabi/6.3.1/../../../../arm-none-eabi/lib/thumb/v6-m\libc.a(lib_a-__call_atexit.o)
 .ARM.attributes
                0x0000034c       0x2c c:/program files (x86)/atmel/studio/7.0/toolchain/arm/arm-gnu-toolchain/bin/../lib/gcc/arm-none-eabi/6.3.1/../../../../arm-none-eabi/lib/thumb/v6-m\libc.a(lib_a-atexit.o)
 .ARM.attributes
                0x00000378       0x2c c:/program files (x86)/atmel/studio/7.0/toolchain/arm/arm-gnu-toolchain/bin/../lib/gcc/arm-none-eabi/6.3.1/../../../../arm-none-eabi/lib/thumb/v6-m\libc.a(lib_a-fini.o)
 .ARM.attributes
                0x000003a4       0x2c c:/program files (x86)/atmel/studio/7.0/toolchain/arm/arm-gnu-toolchain/bin/../lib/gcc/arm-none-eabi/6.3.1/../../../../arm-none-eabi/lib/thumb/v6-m\libc.a(lib_a-lock.o)
 .ARM.attributes
                0x000003d0       0x2c c:/program files (x86)/atmel/studio/7.0/toolchain/arm/arm-gnu-toolchain/bin/../lib/gcc/arm-none-eabi/6.3.1/../../../../arm-none-eabi/lib/thumb/v6-m\libc.a(lib_a-__atexit.o)
 .ARM.attributes
                0x000003fc       0x1e c:/program files (x86)/atmel/studio/7.0/toolchain/arm/arm-gnu-toolchain/bin/../lib/gcc/arm-none-eabi/6.3.1/thumb/v6-m/crtn.o

.comment        0x00000000       0x59
 .comment       0x00000000       0x59 Device_Startup/startup_samd21.o
                                 0x5a (size before relaxing)
 .comment       0x00000059       0x5a Device_Startup/system_samd21.o
 .comment       0x00000059       0x5a heap_2.o
 .comment       0x00000059       0x5a list.o
 .comment       0x00000059       0x5a main.o
 .comment       0x00000059       0x5a myprintf.o
 .comment       0x00000059       0x5a port.o
 .comment       0x00000059       0x5a queue.o
 .comment       0x00000059       0x5a tasks.o
 .comment       0x00000059       0x5a timers.o
 .comment       0x00000059       0x5a uart.o

.debug_info     0x00000000    0x13699
 .debug_info    0x00000000     0x3a28 Device_Startup/startup_samd21.o
 .debug_info    0x00003a28       0xd5 Device_Startup/system_samd21.o
 .debug_info    0x00003afd      0xc6a heap_2.o
 .debug_info    0x00004767      0xbd6 list.o
 .debug_info    0x0000533d     0x1cab main.o
 .debug_info    0x00006fe8     0x2576 myprintf.o
 .debug_info    0x0000955e      0x303 port.o
 .debug_info    0x00009861     0x26e0 queue.o
 .debug_info    0x0000bf41     0x2f16 tasks.o
 .debug_info    0x0000ee57     0x18e4 timers.o
 .debug_info    0x0001073b     0x2f5e uart.o

.debug_abbrev   0x00000000     0x1c25
 .debug_abbrev  0x00000000      0x234 Device_Startup/startup_samd21.o
 .debug_abbrev  0x00000234       0x72 Device_Startup/system_samd21.o
 .debug_abbrev  0x000002a6      0x2aa heap_2.o
 .debug_abbrev  0x00000550      0x221 list.o
 .debug_abbrev  0x00000771      0x20d main.o
 .debug_abbrev  0x0000097e      0x3ba myprintf.o
 .debug_abbrev  0x00000d38      0x1c8 port.o
 .debug_abbrev  0x00000f00      0x3c3 queue.o
 .debug_abbrev  0x000012c3      0x421 tasks.o
 .debug_abbrev  0x000016e4      0x3b9 timers.o
 .debug_abbrev  0x00001a9d      0x188 uart.o

.debug_loc      0x00000000     0x617a
 .debug_loc     0x00000000       0x40 Device_Startup/startup_samd21.o
 .debug_loc     0x00000040      0x264 heap_2.o
 .debug_loc     0x000002a4       0x72 list.o
 .debug_loc     0x00000316      0x195 main.o
 .debug_loc     0x000004ab      0xb30 myprintf.o
 .debug_loc     0x00000fdb      0x133 port.o
 .debug_loc     0x0000110e     0x1f2b queue.o
 .debug_loc     0x00003039     0x2527 tasks.o
 .debug_loc     0x00005560      0xc1a timers.o

.debug_aranges  0x00000000      0x5b0
 .debug_aranges
                0x00000000       0x28 Device_Startup/startup_samd21.o
 .debug_aranges
                0x00000028       0x28 Device_Startup/system_samd21.o
 .debug_aranges
                0x00000050       0x38 heap_2.o
 .debug_aranges
                0x00000088       0x40 list.o
 .debug_aranges
                0x000000c8       0x48 main.o
 .debug_aranges
                0x00000110       0x68 myprintf.o
 .debug_aranges
                0x00000178       0x80 port.o
 .debug_aranges
                0x000001f8      0x140 queue.o
 .debug_aranges
                0x00000338      0x1c0 tasks.o
 .debug_aranges
                0x000004f8       0x98 timers.o
 .debug_aranges
                0x00000590       0x20 uart.o

.debug_ranges   0x00000000      0x798
 .debug_ranges  0x00000000       0x18 Device_Startup/startup_samd21.o
 .debug_ranges  0x00000018       0x18 Device_Startup/system_samd21.o
 .debug_ranges  0x00000030       0x28 heap_2.o
 .debug_ranges  0x00000058       0x30 list.o
 .debug_ranges  0x00000088       0x38 main.o
 .debug_ranges  0x000000c0       0xb0 myprintf.o
 .debug_ranges  0x00000170       0x70 port.o
 .debug_ranges  0x000001e0      0x220 queue.o
 .debug_ranges  0x00000400      0x2c8 tasks.o
 .debug_ranges  0x000006c8       0xc0 timers.o
 .debug_ranges  0x00000788       0x10 uart.o

.debug_macro    0x00000000    0x119c4
 .debug_macro   0x00000000      0x2fc Device_Startup/startup_samd21.o
 .debug_macro   0x000002fc       0x39 Device_Startup/startup_samd21.o
 .debug_macro   0x00000335       0x1c Device_Startup/startup_samd21.o
 .debug_macro   0x00000351       0x22 Device_Startup/startup_samd21.o
 .debug_macro   0x00000373       0xb5 Device_Startup/startup_samd21.o
 .debug_macro   0x00000428      0x3ad Device_Startup/startup_samd21.o
 .debug_macro   0x000007d5      0x67e Device_Startup/startup_samd21.o
 .debug_macro   0x00000e53      0x8b1 Device_Startup/startup_samd21.o
 .debug_macro   0x00001704      0x22e Device_Startup/startup_samd21.o
 .debug_macro   0x00001932      0xd5c Device_Startup/startup_samd21.o
 .debug_macro   0x0000268e      0x4dc Device_Startup/startup_samd21.o
 .debug_macro   0x00002b6a      0x9f6 Device_Startup/startup_samd21.o
 .debug_macro   0x00003560      0x82b Device_Startup/startup_samd21.o
 .debug_macro   0x00003d8b      0x45f Device_Startup/startup_samd21.o
 .debug_macro   0x000041ea       0x5e Device_Startup/startup_samd21.o
 .debug_macro   0x00004248      0x8f9 Device_Startup/startup_samd21.o
 .debug_macro   0x00004b41      0x21c Device_Startup/startup_samd21.o
 .debug_macro   0x00004d5d      0x735 Device_Startup/startup_samd21.o
 .debug_macro   0x00005492       0x5e Device_Startup/startup_samd21.o
 .debug_macro   0x000054f0      0x632 Device_Startup/startup_samd21.o
 .debug_macro   0x00005b22      0x3ac Device_Startup/startup_samd21.o
 .debug_macro   0x00005ece      0xc76 Device_Startup/startup_samd21.o
 .debug_macro   0x00006b44     0x1092 Device_Startup/startup_samd21.o
 .debug_macro   0x00007bd6      0xc4a Device_Startup/startup_samd21.o
 .debug_macro   0x00008820      0x6ba Device_Startup/startup_samd21.o
 .debug_macro   0x00008eda     0x1b3d Device_Startup/startup_samd21.o
 .debug_macro   0x0000aa17     0x143c Device_Startup/startup_samd21.o
 .debug_macro   0x0000be53      0x340 Device_Startup/startup_samd21.o
 .debug_macro   0x0000c193       0x7c Device_Startup/startup_samd21.o
 .debug_macro   0x0000c20f       0xa0 Device_Startup/startup_samd21.o
 .debug_macro   0x0000c2af       0x4c Device_Startup/startup_samd21.o
 .debug_macro   0x0000c2fb       0xca Device_Startup/startup_samd21.o
 .debug_macro   0x0000c3c5       0x94 Device_Startup/startup_samd21.o
 .debug_macro   0x0000c459       0x58 Device_Startup/startup_samd21.o
 .debug_macro   0x0000c4b1      0x341 Device_Startup/startup_samd21.o
 .debug_macro   0x0000c7f2       0x82 Device_Startup/startup_samd21.o
 .debug_macro   0x0000c874      0x189 Device_Startup/startup_samd21.o
 .debug_macro   0x0000c9fd       0xb8 Device_Startup/startup_samd21.o
 .debug_macro   0x0000cab5       0xa0 Device_Startup/startup_samd21.o
 .debug_macro   0x0000cb55       0xb2 Device_Startup/startup_samd21.o
 .debug_macro   0x0000cc07       0x1c Device_Startup/startup_samd21.o
 .debug_macro   0x0000cc23       0x1c Device_Startup/startup_samd21.o
 .debug_macro   0x0000cc3f       0x1c Device_Startup/startup_samd21.o
 .debug_macro   0x0000cc5b       0x7c Device_Startup/startup_samd21.o
 .debug_macro   0x0000ccd7      0x15a Device_Startup/startup_samd21.o
 .debug_macro   0x0000ce31       0x10 Device_Startup/startup_samd21.o
 .debug_macro   0x0000ce41       0xdc Device_Startup/startup_samd21.o
 .debug_macro   0x0000cf1d      0x124 Device_Startup/startup_samd21.o
 .debug_macro   0x0000d041      0x124 Device_Startup/startup_samd21.o
 .debug_macro   0x0000d165      0x124 Device_Startup/startup_samd21.o
 .debug_macro   0x0000d289      0x124 Device_Startup/startup_samd21.o
 .debug_macro   0x0000d3ad      0x124 Device_Startup/startup_samd21.o
 .debug_macro   0x0000d4d1      0x124 Device_Startup/startup_samd21.o
 .debug_macro   0x0000d5f5      0x124 Device_Startup/startup_samd21.o
 .debug_macro   0x0000d719       0xe2 Device_Startup/startup_samd21.o
 .debug_macro   0x0000d7fb       0xe2 Device_Startup/startup_samd21.o
 .debug_macro   0x0000d8dd       0xe2 Device_Startup/startup_samd21.o
 .debug_macro   0x0000d9bf      0x12a Device_Startup/startup_samd21.o
 .debug_macro   0x0000dae9      0x100 Device_Startup/startup_samd21.o
 .debug_macro   0x0000dbe9       0xf4 Device_Startup/startup_samd21.o
 .debug_macro   0x0000dcdd      0x40f Device_Startup/startup_samd21.o
 .debug_macro   0x0000e0ec       0x40 Device_Startup/startup_samd21.o
 .debug_macro   0x0000e12c      0x376 Device_Startup/startup_samd21.o
 .debug_macro   0x0000e4a2     0x17df Device_Startup/startup_samd21.o
 .debug_macro   0x0000fc81       0x6d Device_Startup/startup_samd21.o
 .debug_macro   0x0000fcee      0x302 Device_Startup/system_samd21.o
 .debug_macro   0x0000fff0      0x1a8 heap_2.o
 .debug_macro   0x00010198      0x17b list.o
 .debug_macro   0x00010313      0x399 main.o
 .debug_macro   0x000106ac       0x86 main.o
 .debug_macro   0x00010732       0x1c main.o
 .debug_macro   0x0001074e       0x58 main.o
 .debug_macro   0x000107a6       0x16 main.o
 .debug_macro   0x000107bc      0x314 myprintf.o
 .debug_macro   0x00010ad0      0x124 port.o
 .debug_macro   0x00010bf4      0x1f7 queue.o
 .debug_macro   0x00010deb       0x16 queue.o
 .debug_macro   0x00010e01       0x35 queue.o
 .debug_macro   0x00010e36      0x313 tasks.o
 .debug_macro   0x00011149       0x10 tasks.o
 .debug_macro   0x00011159       0x1c tasks.o
 .debug_macro   0x00011175       0x10 tasks.o
 .debug_macro   0x00011185       0x10 tasks.o
 .debug_macro   0x00011195       0x1c tasks.o
 .debug_macro   0x000111b1       0x52 tasks.o
 .debug_macro   0x00011203       0x40 tasks.o
 .debug_macro   0x00011243       0x10 tasks.o
 .debug_macro   0x00011253       0x40 tasks.o
 .debug_macro   0x00011293       0xd7 tasks.o
 .debug_macro   0x0001136a       0x16 tasks.o
 .debug_macro   0x00011380      0x18b tasks.o
 .debug_macro   0x0001150b      0x1b4 timers.o
 .debug_macro   0x000116bf      0x305 uart.o

.debug_line     0x00000000     0x50c7
 .debug_line    0x00000000      0x6f7 Device_Startup/startup_samd21.o
 .debug_line    0x000006f7      0x6e2 Device_Startup/system_samd21.o
 .debug_line    0x00000dd9      0x3f7 heap_2.o
 .debug_line    0x000011d0      0x3c9 list.o
 .debug_line    0x00001599      0x82e main.o
 .debug_line    0x00001dc7      0x8d5 myprintf.o
 .debug_line    0x0000269c      0x3ea port.o
 .debug_line    0x00002a86      0xacd queue.o
 .debug_line    0x00003553      0xef2 tasks.o
 .debug_line    0x00004445      0x59b timers.o
 .debug_line    0x000049e0      0x6e7 uart.o

.debug_str      0x00000000    0x79f64
 .debug_str     0x00000000    0x6ddc0 Device_Startup/startup_samd21.o
                              0x6e1f2 (size before relaxing)
 .debug_str     0x0006ddc0       0x5c Device_Startup/system_samd21.o
                              0x6d076 (size before relaxing)
 .debug_str     0x0006de1c     0x6ad3 heap_2.o
                               0x9f7f (size before relaxing)
 .debug_str     0x000748ef      0x123 list.o
                               0x9736 (size before relaxing)
 .debug_str     0x00074a12      0xe9e main.o
                              0x71a51 (size before relaxing)
 .debug_str     0x000758b0      0x683 myprintf.o
                              0x6d96d (size before relaxing)
 .debug_str     0x00075f33      0x400 port.o
                               0x726a (size before relaxing)
 .debug_str     0x00076333      0x9ca queue.o
                               0xaf25 (size before relaxing)
 .debug_str     0x00076cfd     0x2b42 tasks.o
                               0xcc7e (size before relaxing)
 .debug_str     0x0007983f      0x442 timers.o
                               0xb1e7 (size before relaxing)
 .debug_str     0x00079c81      0x2e3 uart.o
                              0x6db8f (size before relaxing)

.debug_frame    0x00000000     0x1164
 .debug_frame   0x00000000       0x40 Device_Startup/startup_samd21.o
 .debug_frame   0x00000040       0x30 Device_Startup/system_samd21.o
 .debug_frame   0x00000070       0x68 heap_2.o
 .debug_frame   0x000000d8       0x6c list.o
 .debug_frame   0x00000144       0xd0 main.o
 .debug_frame   0x00000214      0x130 myprintf.o
 .debug_frame   0x00000344       0xfc port.o
 .debug_frame   0x00000440      0x3d0 queue.o
 .debug_frame   0x00000810      0x578 tasks.o
 .debug_frame   0x00000d88      0x19c timers.o
 .debug_frame   0x00000f24       0x20 uart.o
 .debug_frame   0x00000f44       0x2c c:/program files (x86)/atmel/studio/7.0/toolchain/arm/arm-gnu-toolchain/bin/../lib/gcc/arm-none-eabi/6.3.1/../../../../arm-none-eabi/lib/thumb/v6-m\libc.a(lib_a-init.o)
 .debug_frame   0x00000f70       0x30 c:/program files (x86)/atmel/studio/7.0/toolchain/arm/arm-gnu-toolchain/bin/../lib/gcc/arm-none-eabi/6.3.1/../../../../arm-none-eabi/lib/thumb/v6-m\libc.a(lib_a-memcpy-stub.o)
 .debug_frame   0x00000fa0       0x30 c:/program files (x86)/atmel/studio/7.0/toolchain/arm/arm-gnu-toolchain/bin/../lib/gcc/arm-none-eabi/6.3.1/../../../../arm-none-eabi/lib/thumb/v6-m\libc.a(lib_a-memset.o)
 .debug_frame   0x00000fd0       0x54 c:/program files (x86)/atmel/studio/7.0/toolchain/arm/arm-gnu-toolchain/bin/../lib/gcc/arm-none-eabi/6.3.1/../../../../arm-none-eabi/lib/thumb/v6-m\libc.a(lib_a-__call_atexit.o)
 .debug_frame   0x00001024       0x28 c:/program files (x86)/atmel/studio/7.0/toolchain/arm/arm-gnu-toolchain/bin/../lib/gcc/arm-none-eabi/6.3.1/../../../../arm-none-eabi/lib/thumb/v6-m\libc.a(lib_a-atexit.o)
 .debug_frame   0x0000104c       0x2c c:/program files (x86)/atmel/studio/7.0/toolchain/arm/arm-gnu-toolchain/bin/../lib/gcc/arm-none-eabi/6.3.1/../../../../arm-none-eabi/lib/thumb/v6-m\libc.a(lib_a-fini.o)
 .debug_frame   0x00001078       0xb0 c:/program files (x86)/atmel/studio/7.0/toolchain/arm/arm-gnu-toolchain/bin/../lib/gcc/arm-none-eabi/6.3.1/../../../../arm-none-eabi/lib/thumb/v6-m\libc.a(lib_a-lock.o)
 .debug_frame   0x00001128       0x3c c:/program files (x86)/atmel/studio/7.0/toolchain/arm/arm-gnu-toolchain/bin/../lib/gcc/arm-none-eabi/6.3.1/../../../../arm-none-eabi/lib/thumb/v6-m\libc.a(lib_a-__atexit.o)
